2025-10-26 14:58:23.837 [info] Configuration changed
2025-10-26 14:58:24.641 [info] Configuration changed
2025-10-26 14:58:25.727 [info] Configuration changed
2025-10-26 14:58:25.840 [info] Configuration changed
2025-10-26 14:59:33.536 [info] Active editor: file:///home/kiel/dev/MK-Ultra/build-queue/src/services/frontend/.gitignore
2025-10-26 14:59:51.994 [info] /home/kiel/dev/MK-Ultra/build-queue/src/services/frontend/.gitignore closed
2025-10-26 14:59:52.081 [info] Active editor: file:///home/kiel/dev/frontend/.gitignore
2025-10-26 15:00:53.236 [info] /home/kiel/dev/frontend/.gitignore closed
2025-10-26 15:00:53.321 [info] Active editor: file:///home/kiel/dev/MK-Ultra/build-queue/src/services/frontend/.gitignore
2025-10-26 23:58:20.380 [info] /home/kiel/dev/MK-Ultra/build-queue/src/services/frontend/.gitignore closed
2025-10-26 23:58:20.479 [info] Active editor: file:///home/kiel/dev/.gitignore
2025-10-26 23:58:20.537 [info] /home/kiel/dev/MK-Ultra/build-queue/src/services/frontend/.gitignore.git closed
2025-10-26 23:58:33.525 [info] Executing :w
2025-10-26 23:58:58.546 [info] Active editor: file:///home/kiel/dev/GuideToSuccess/constants.ts
2025-10-26 23:59:28.424 [info] /home/kiel/dev/GuideToSuccess/constants.ts closed
2025-10-26 23:59:28.488 [info] Active editor: file:///home/kiel/dev/GuideToSuccess/cdk-services.ts
2025-10-26 23:59:28.588 [info] /home/kiel/dev/GuideToSuccess/constants.ts.git closed
2025-10-27 00:00:07.773 [info] /home/kiel/dev/GuideToSuccess/cdk-services.ts closed
2025-10-27 00:00:07.840 [info] Active editor: file:///home/kiel/dev/GuideToSuccess/src/services/guide-api/cdk.ts
2025-10-27 00:00:07.910 [info] /home/kiel/dev/GuideToSuccess/cdk-services.ts.git closed
2025-10-27 00:00:45.891 [info] /home/kiel/dev/GuideToSuccess/src/services/guide-api/cdk.ts closed
2025-10-27 00:00:46.057 [info] Active editor: file:///home/kiel/dev/GuideToSuccess/src/services/guide-frontend/cdk.ts
2025-10-27 00:00:46.109 [info] /home/kiel/dev/GuideToSuccess/src/services/guide-api/cdk.ts.git closed
