[2025-10-26 14:58:28.882] Starting Git Graph ...
[2025-10-26 14:58:28.999] Using git (version: 2.43.0)
[2025-10-26 14:58:29.004] Started Git Graph - Ready to use!
[2025-10-26 14:58:29.004] Searching workspace for new repos ...
[2025-10-26 14:58:29.020] > git rev-parse --show-toplevel
[2025-10-26 14:58:29.162] Completed searching workspace for new repos
[2025-10-26 14:58:29.178] Successfully set Visual Studio Code Context "git-graph:codiconsSupported" to "true"
[2025-10-26 14:59:53.259] > git rev-parse --show-toplevel
[2025-10-26 15:00:54.439] > git rev-parse --show-toplevel
[2025-10-26 15:00:54.496] Added new repo: /home/kiel/dev/MK-Ultra/build-queue
[2025-10-26 15:00:54.499] Showing "Git Graph" Status Bar Item
[2025-10-26 16:05:27.949] > git rev-parse --show-toplevel
[2025-10-26 16:05:27.953] Added new repo: /home/kiel/dev/GuideToSuccess
[2025-10-26 22:44:51.305] > git rev-parse --show-toplevel
[2025-10-26 22:57:37.502] > git rev-parse --show-toplevel
[2025-10-26 22:57:37.504] Added new repo: /home/kiel/dev/flaish
[2025-10-27 10:15:18.945] > git rev-parse --show-toplevel
[2025-10-27 10:15:24.391] > git rev-parse --show-toplevel
[2025-10-27 10:18:36.787] > git rev-parse --show-toplevel
[2025-10-27 10:18:36.817] > git rev-parse --show-toplevel
[2025-10-27 10:18:36.837] > git rev-parse --show-toplevel
[2025-10-27 10:57:49.747] > git rev-parse --show-toplevel
[2025-10-27 10:57:56.885] > git rev-parse --show-toplevel
[2025-10-27 10:57:56.888] Added new repo: /home/kiel/dev/flaish_v2/infrastructure
