2025-10-26 14:59:33.537 [info] git rev-parse --absolute-git-dir
2025-10-26 14:59:33.578 [info] git rev-parse --absolute-git-dir
2025-10-26 14:59:33.663 [info] git config user.email
2025-10-26 14:59:33.739 [info] git blame -C --incremental -- /home/kiel/dev/MK-Ultra/build-queue/src/services/frontend/.gitignore
2025-10-26 14:59:33.758 [info] Blamed "/home/kiel/dev/MK-Ultra/build-queue/src/services/frontend/.gitignore"
2025-10-26 14:59:52.081 [info] git rev-parse --absolute-git-dir
2025-10-26 14:59:52.103 [info] git rev-parse --absolute-git-dir
2025-10-26 14:59:52.131 [error] Error: Command failed: git rev-parse --absolute-git-dir
fatal: not a git repository (or any of the parent directories): .git

    at genericNodeError (node:internal/errors:983:15)
    at wrappedFn (node:internal/errors:537:14)
    at ChildProcess.exithandler (node:child_process:418:12)
    at ChildProcess.emit (node:events:519:28)
    at maybeClose (node:internal/child_process:1101:16)
    at Socket.<anonymous> (node:internal/child_process:456:11)
    at Socket.emit (node:events:519:28)
    at Pipe.<anonymous> (node:net:346:12)
2025-10-26 14:59:52.135 [error] Error: Command failed: git rev-parse --absolute-git-dir
fatal: not a git repository (or any of the parent directories): .git

    at genericNodeError (node:internal/errors:983:15)
    at wrappedFn (node:internal/errors:537:14)
    at ChildProcess.exithandler (node:child_process:418:12)
    at ChildProcess.emit (node:events:519:28)
    at maybeClose (node:internal/child_process:1101:16)
    at Socket.<anonymous> (node:internal/child_process:456:11)
    at Socket.emit (node:events:519:28)
    at Pipe.<anonymous> (node:net:346:12)
2025-10-26 14:59:52.135 [info] Will not blame '/home/kiel/dev/frontend/.gitignore'. Not in a git repository.
2025-10-26 15:00:53.339 [info] git rev-parse --absolute-git-dir
2025-10-26 15:00:53.357 [info] git config user.email
2025-10-26 15:00:53.373 [info] git blame -C --incremental -- /home/kiel/dev/MK-Ultra/build-queue/src/services/frontend/.gitignore
2025-10-26 15:00:53.375 [info] Blamed "/home/kiel/dev/MK-Ultra/build-queue/src/services/frontend/.gitignore"
2025-10-26 23:58:20.480 [info] git rev-parse --absolute-git-dir
2025-10-26 23:58:20.509 [info] git rev-parse --absolute-git-dir
2025-10-26 23:58:20.532 [error] Error: Command failed: git rev-parse --absolute-git-dir
fatal: not a git repository (or any of the parent directories): .git

    at genericNodeError (node:internal/errors:983:15)
    at wrappedFn (node:internal/errors:537:14)
    at ChildProcess.exithandler (node:child_process:418:12)
    at ChildProcess.emit (node:events:519:28)
    at maybeClose (node:internal/child_process:1101:16)
    at Socket.<anonymous> (node:internal/child_process:456:11)
    at Socket.emit (node:events:519:28)
    at Pipe.<anonymous> (node:net:346:12)
2025-10-26 23:58:20.535 [error] Error: Command failed: git rev-parse --absolute-git-dir
fatal: not a git repository (or any of the parent directories): .git

    at genericNodeError (node:internal/errors:983:15)
    at wrappedFn (node:internal/errors:537:14)
    at ChildProcess.exithandler (node:child_process:418:12)
    at ChildProcess.emit (node:events:519:28)
    at maybeClose (node:internal/child_process:1101:16)
    at Socket.<anonymous> (node:internal/child_process:456:11)
    at Socket.emit (node:events:519:28)
    at Pipe.<anonymous> (node:net:346:12)
2025-10-26 23:58:20.535 [info] Will not blame '/home/kiel/dev/.gitignore'. Not in a git repository.
2025-10-26 23:58:58.547 [info] git rev-parse --absolute-git-dir
2025-10-26 23:58:58.570 [info] git rev-parse --absolute-git-dir
2025-10-26 23:58:58.600 [info] git config user.email
2025-10-26 23:58:58.631 [info] git blame -C --incremental -- /home/kiel/dev/GuideToSuccess/constants.ts
2025-10-26 23:58:58.646 [info] Blamed "/home/kiel/dev/GuideToSuccess/constants.ts"
2025-10-26 23:59:28.488 [info] git rev-parse --absolute-git-dir
2025-10-26 23:59:28.519 [info] git rev-parse --absolute-git-dir
2025-10-26 23:59:28.548 [info] git config user.email
2025-10-26 23:59:28.567 [info] git blame -C --incremental -- /home/kiel/dev/GuideToSuccess/cdk-services.ts
2025-10-26 23:59:28.572 [info] Blamed "/home/kiel/dev/GuideToSuccess/cdk-services.ts"
2025-10-27 00:00:07.841 [info] git rev-parse --absolute-git-dir
2025-10-27 00:00:07.868 [info] git rev-parse --absolute-git-dir
2025-10-27 00:00:07.908 [info] git config user.email
2025-10-27 00:00:07.934 [info] git blame -C --incremental -- /home/kiel/dev/GuideToSuccess/src/services/guide-api/cdk.ts
2025-10-27 00:00:07.938 [info] Blamed "/home/kiel/dev/GuideToSuccess/src/services/guide-api/cdk.ts"
2025-10-27 00:00:46.060 [info] git rev-parse --absolute-git-dir
2025-10-27 00:00:46.090 [info] git rev-parse --absolute-git-dir
2025-10-27 00:00:46.155 [info] git config user.email
2025-10-27 00:00:46.223 [info] git blame -C --incremental -- /home/kiel/dev/GuideToSuccess/src/services/guide-frontend/cdk.ts
2025-10-27 00:00:46.248 [info] Blamed "/home/kiel/dev/GuideToSuccess/src/services/guide-frontend/cdk.ts"
