2025-10-26 14:58:05.591 [info] Reading sessions from keychain...
2025-10-26 14:58:05.591 [info] Getting sessions for all scopes...
2025-10-26 14:58:05.591 [info] Got 0 sessions for ...
2025-10-26 14:58:05.591 [info] Getting sessions for all scopes...
2025-10-26 14:58:05.591 [info] Got 0 sessions for ...
2025-10-26 14:58:05.591 [info] Getting sessions for all scopes...
2025-10-26 14:58:05.591 [info] Got 0 sessions for ...
2025-10-26 14:58:05.591 [info] Getting sessions for all scopes...
2025-10-26 14:58:05.591 [info] Got 0 sessions for ...
2025-10-26 14:58:05.646 [info] Getting sessions for all scopes...
2025-10-26 14:58:05.646 [info] Got 0 sessions for ...
2025-10-26 14:58:05.647 [info] Getting sessions for all scopes...
2025-10-26 14:58:05.647 [info] Got 0 sessions for ...
2025-10-26 14:58:05.647 [info] Getting sessions for all scopes...
2025-10-26 14:58:05.647 [info] Got 0 sessions for ...
2025-10-26 14:58:05.647 [info] Getting sessions for all scopes...
2025-10-26 14:58:05.647 [info] Got 0 sessions for ...
2025-10-26 14:58:05.647 [info] Getting sessions for all scopes...
2025-10-26 14:58:05.648 [info] Got 0 sessions for ...
2025-10-26 14:58:05.648 [info] Getting sessions for all scopes...
2025-10-26 14:58:05.648 [info] Got 0 sessions for ...
2025-10-26 14:58:05.697 [info] Getting sessions for all scopes...
2025-10-26 14:58:05.697 [info] Got 0 sessions for ...
2025-10-26 14:58:05.699 [info] Getting sessions for all scopes...
2025-10-26 14:58:05.699 [info] Got 0 sessions for ...
2025-10-26 14:58:05.699 [info] Getting sessions for all scopes...
2025-10-26 14:58:05.699 [info] Got 0 sessions for ...
2025-10-26 14:58:05.699 [info] Getting sessions for all scopes...
2025-10-26 14:58:05.699 [info] Got 0 sessions for ...
2025-10-26 14:58:05.700 [info] Getting sessions for all scopes...
2025-10-26 14:58:05.700 [info] Got 0 sessions for ...
2025-10-26 14:58:05.700 [info] Getting sessions for all scopes...
2025-10-26 14:58:05.700 [info] Got 0 sessions for ...
2025-10-26 14:58:05.733 [info] Getting sessions for all scopes...
2025-10-26 14:58:05.733 [info] Got 0 sessions for ...
2025-10-26 14:58:05.734 [info] Getting sessions for all scopes...
2025-10-26 14:58:05.734 [info] Got 0 sessions for ...
2025-10-26 14:58:05.917 [info] Getting sessions for user:email...
2025-10-26 14:58:05.917 [info] Got 0 sessions for user:email...
2025-10-26 14:58:05.939 [info] Getting sessions for read:user,repo,user:email,workflow...
2025-10-26 14:58:05.939 [info] Got 0 sessions for read:user,repo,user:email,workflow...
2025-10-26 14:58:08.568 [info] Getting sessions for all scopes...
2025-10-26 14:58:08.568 [info] Got 0 sessions for ...
2025-10-26 14:58:08.568 [info] Getting sessions for all scopes...
2025-10-26 14:58:08.568 [info] Got 0 sessions for ...
2025-10-26 14:58:08.569 [info] Getting sessions for all scopes...
2025-10-26 14:58:08.569 [info] Got 0 sessions for ...
2025-10-26 14:58:08.865 [info] Getting sessions for all scopes...
2025-10-26 14:58:08.865 [info] Got 0 sessions for ...
2025-10-26 14:58:09.331 [info] Getting sessions for all scopes...
2025-10-26 14:58:09.331 [info] Got 0 sessions for ...
2025-10-26 14:58:09.363 [info] Getting sessions for all scopes...
2025-10-26 14:58:09.363 [info] Got 0 sessions for ...
2025-10-26 14:58:09.363 [info] Getting sessions for all scopes...
2025-10-26 14:58:09.363 [info] Got 0 sessions for ...
2025-10-26 14:58:09.363 [info] Getting sessions for read:user,repo,user:email,workflow...
2025-10-26 14:58:09.363 [info] Got 0 sessions for read:user,repo,user:email,workflow...
2025-10-26 14:58:09.390 [info] Getting sessions for user:email...
2025-10-26 14:58:09.390 [info] Got 0 sessions for user:email...
2025-10-26 14:58:09.402 [info] Getting sessions for read:user...
2025-10-26 14:58:09.402 [info] Got 0 sessions for read:user...
2025-10-26 14:58:09.402 [info] Getting sessions for all scopes...
2025-10-26 14:58:09.402 [info] Got 0 sessions for ...
2025-10-26 14:58:09.403 [info] Getting sessions for user:email...
2025-10-26 14:58:09.403 [info] Got 0 sessions for user:email...
2025-10-26 14:58:09.403 [info] Getting sessions for user:email...
2025-10-26 14:58:09.403 [info] Got 0 sessions for user:email...
2025-10-26 14:58:09.413 [info] Getting sessions for all scopes...
2025-10-26 14:58:09.413 [info] Got 0 sessions for ...
2025-10-26 14:58:09.414 [info] Getting sessions for all scopes...
2025-10-26 14:58:09.414 [info] Got 0 sessions for ...
2025-10-26 14:58:09.484 [info] Getting sessions for all scopes...
2025-10-26 14:58:09.484 [info] Got 0 sessions for ...
2025-10-26 14:58:09.485 [info] Getting sessions for user:email...
2025-10-26 14:58:09.485 [info] Got 0 sessions for user:email...
2025-10-26 14:58:23.044 [info] Reading sessions from keychain...
2025-10-26 14:58:23.044 [info] Getting sessions for all scopes...
2025-10-26 14:58:23.044 [info] Got 0 sessions for ...
2025-10-26 14:58:23.044 [info] Getting sessions for all scopes...
2025-10-26 14:58:23.044 [info] Got 0 sessions for ...
2025-10-26 14:58:23.044 [info] Getting sessions for all scopes...
2025-10-26 14:58:23.044 [info] Got 0 sessions for ...
2025-10-26 14:58:23.044 [info] Getting sessions for all scopes...
2025-10-26 14:58:23.044 [info] Got 0 sessions for ...
2025-10-26 14:58:23.044 [info] Getting sessions for all scopes...
2025-10-26 14:58:23.044 [info] Got 0 sessions for ...
2025-10-26 14:58:23.044 [info] Getting sessions for all scopes...
2025-10-26 14:58:23.044 [info] Got 0 sessions for ...
2025-10-26 14:58:23.044 [info] Getting sessions for all scopes...
2025-10-26 14:58:23.044 [info] Got 0 sessions for ...
2025-10-26 14:58:23.044 [info] Getting sessions for all scopes...
2025-10-26 14:58:23.044 [info] Got 0 sessions for ...
2025-10-26 14:58:23.044 [info] Getting sessions for all scopes...
2025-10-26 14:58:23.044 [info] Got 0 sessions for ...
2025-10-26 14:58:23.044 [info] Getting sessions for all scopes...
2025-10-26 14:58:23.044 [info] Got 0 sessions for ...
2025-10-26 14:58:23.044 [info] Getting sessions for all scopes...
2025-10-26 14:58:23.044 [info] Got 0 sessions for ...
2025-10-26 14:58:23.044 [info] Getting sessions for all scopes...
2025-10-26 14:58:23.044 [info] Got 0 sessions for ...
2025-10-26 14:58:23.044 [info] Getting sessions for all scopes...
2025-10-26 14:58:23.044 [info] Got 0 sessions for ...
2025-10-26 14:58:23.057 [info] Getting sessions for all scopes...
2025-10-26 14:58:23.057 [info] Got 0 sessions for ...
2025-10-26 14:58:23.802 [info] Getting sessions for all scopes...
2025-10-26 14:58:23.802 [info] Got 0 sessions for ...
2025-10-26 14:58:24.803 [info] Getting sessions for all scopes...
2025-10-26 14:58:24.803 [info] Got 0 sessions for ...
2025-10-26 14:58:24.803 [info] Getting sessions for all scopes...
2025-10-26 14:58:24.803 [info] Got 0 sessions for ...
2025-10-26 14:58:24.812 [info] Getting sessions for all scopes...
2025-10-26 14:58:24.812 [info] Got 0 sessions for ...
2025-10-26 14:58:29.110 [info] Getting sessions for all scopes...
2025-10-26 14:58:29.110 [info] Got 0 sessions for ...
2025-10-26 14:58:29.110 [info] Getting sessions for all scopes...
2025-10-26 14:58:29.110 [info] Got 0 sessions for ...
2025-10-26 14:58:29.728 [info] Getting sessions for repo,workflow...
2025-10-26 14:58:29.728 [info] Got 0 sessions for repo,workflow...
2025-10-26 14:58:29.728 [info] Getting sessions for user:email...
2025-10-26 14:58:29.728 [info] Got 0 sessions for user:email...
2025-10-26 14:58:29.729 [info] Getting sessions for read:user,repo,user:email,workflow...
2025-10-26 14:58:29.729 [info] Got 0 sessions for read:user,repo,user:email,workflow...
2025-10-26 14:58:29.735 [info] Getting sessions for all scopes...
2025-10-26 14:58:29.736 [info] Got 0 sessions for ...
2025-10-26 14:58:29.800 [info] Getting sessions for all scopes...
2025-10-26 14:58:29.800 [info] Got 0 sessions for ...
2025-10-26 14:58:29.821 [info] Getting sessions for read:user,repo,user:email,workflow...
2025-10-26 14:58:29.822 [info] Got 0 sessions for read:user,repo,user:email,workflow...
2025-10-26 14:58:29.960 [info] Getting sessions for repo,workflow...
2025-10-26 14:58:29.960 [info] Got 0 sessions for repo,workflow...
2025-10-26 14:58:29.960 [info] Getting sessions for all scopes...
2025-10-26 14:58:29.960 [info] Got 0 sessions for ...
2025-10-26 14:58:29.962 [info] Getting sessions for all scopes...
2025-10-26 14:58:29.962 [info] Got 0 sessions for ...
2025-10-26 14:58:29.977 [info] Getting sessions for read:user...
2025-10-26 14:58:29.977 [info] Got 0 sessions for read:user...
2025-10-26 14:58:29.980 [info] Getting sessions for all scopes...
2025-10-26 14:58:29.980 [info] Got 0 sessions for ...
2025-10-26 14:58:30.017 [info] Getting sessions for repo,workflow...
2025-10-26 14:58:30.017 [info] Got 0 sessions for repo,workflow...
2025-10-26 14:58:30.017 [info] Getting sessions for user:email...
2025-10-26 14:58:30.017 [info] Got 0 sessions for user:email...
2025-10-26 14:58:30.025 [info] Getting sessions for user:email...
2025-10-26 14:58:30.025 [info] Got 0 sessions for user:email...
2025-10-26 14:58:30.165 [info] Getting sessions for repo,workflow...
2025-10-26 14:58:30.166 [info] Got 0 sessions for repo,workflow...
2025-10-26 14:58:30.265 [info] Getting sessions for all scopes...
2025-10-26 14:58:30.265 [info] Got 0 sessions for ...
2025-10-26 14:58:30.400 [info] Getting sessions for read:user,repo,user:email,workflow...
2025-10-26 14:58:30.400 [info] Got 0 sessions for read:user,repo,user:email,workflow...
2025-10-26 14:58:30.604 [info] Getting sessions for user:email...
2025-10-26 14:58:30.604 [info] Got 0 sessions for user:email...
2025-10-26 14:58:30.716 [info] Getting sessions for read:user,repo,user:email,workflow...
2025-10-26 14:58:30.716 [info] Got 0 sessions for read:user,repo,user:email,workflow...
2025-10-26 14:58:30.840 [info] Getting sessions for all scopes...
2025-10-26 14:58:30.840 [info] Got 0 sessions for ...
2025-10-26 14:58:30.964 [info] Getting sessions for user:email...
2025-10-26 14:58:30.964 [info] Got 0 sessions for user:email...
2025-10-26 14:58:31.119 [info] Getting sessions for all scopes...
2025-10-26 14:58:31.119 [info] Got 0 sessions for ...
2025-10-26 14:58:31.193 [info] Getting sessions for read:user,repo,user:email,workflow...
2025-10-26 14:58:31.193 [info] Got 0 sessions for read:user,repo,user:email,workflow...
2025-10-26 14:58:31.245 [info] Getting sessions for all scopes...
2025-10-26 14:58:31.245 [info] Got 0 sessions for ...
2025-10-26 14:58:31.260 [info] Getting sessions for all scopes...
2025-10-26 14:58:31.260 [info] Got 0 sessions for ...
2025-10-26 14:58:31.463 [info] Getting sessions for read:user,repo,user:email,workflow...
2025-10-26 14:58:31.463 [info] Got 0 sessions for read:user,repo,user:email,workflow...
2025-10-26 14:58:31.502 [info] Getting sessions for user:email...
2025-10-26 14:58:31.502 [info] Got 0 sessions for user:email...
2025-10-26 14:58:31.545 [info] Getting sessions for read:user,repo,user:email,workflow...
2025-10-26 14:58:31.545 [info] Got 0 sessions for read:user,repo,user:email,workflow...
2025-10-26 14:59:33.880 [info] Getting sessions for read:user,repo,user:email,workflow...
2025-10-26 14:59:33.881 [info] Got 0 sessions for read:user,repo,user:email,workflow...
2025-10-26 23:17:42.782 [info] Getting sessions for read:user,repo,user:email,workflow...
2025-10-26 23:17:42.782 [info] Got 0 sessions for read:user,repo,user:email,workflow...
2025-10-26 23:58:26.059 [info] Getting sessions for read:user,repo,user:email,workflow...
2025-10-26 23:58:26.059 [info] Got 0 sessions for read:user,repo,user:email,workflow...
2025-10-26 23:58:26.060 [info] Getting sessions for read:user...
2025-10-26 23:58:26.060 [info] Got 0 sessions for read:user...
2025-10-26 23:58:26.061 [info] Getting sessions for user:email...
2025-10-26 23:58:26.061 [info] Got 0 sessions for user:email...
2025-10-26 23:58:26.569 [info] Getting sessions for read:user,repo,user:email,workflow...
2025-10-26 23:58:26.570 [info] Got 0 sessions for read:user,repo,user:email,workflow...
2025-10-26 23:58:26.581 [info] Getting sessions for read:user...
2025-10-26 23:58:26.581 [info] Got 0 sessions for read:user...
2025-10-26 23:58:26.583 [info] Getting sessions for user:email...
2025-10-26 23:58:26.583 [info] Got 0 sessions for user:email...
2025-10-26 23:58:26.959 [info] Getting sessions for read:user,repo,user:email,workflow...
2025-10-26 23:58:26.959 [info] Got 0 sessions for read:user,repo,user:email,workflow...
2025-10-26 23:58:26.963 [info] Getting sessions for read:user...
2025-10-26 23:58:26.963 [info] Got 0 sessions for read:user...
2025-10-26 23:58:26.967 [info] Getting sessions for user:email...
2025-10-26 23:58:26.967 [info] Got 0 sessions for user:email...
2025-10-26 23:58:27.316 [info] Getting sessions for read:user,repo,user:email,workflow...
2025-10-26 23:58:27.316 [info] Got 0 sessions for read:user,repo,user:email,workflow...
2025-10-26 23:58:27.326 [info] Getting sessions for read:user...
2025-10-26 23:58:27.326 [info] Got 0 sessions for read:user...
2025-10-26 23:58:27.330 [info] Getting sessions for user:email...
2025-10-26 23:58:27.330 [info] Got 0 sessions for user:email...
2025-10-26 23:58:27.423 [info] Getting sessions for read:user,repo,user:email,workflow...
2025-10-26 23:58:27.424 [info] Got 0 sessions for read:user,repo,user:email,workflow...
2025-10-26 23:58:27.451 [info] Getting sessions for read:user...
2025-10-26 23:58:27.451 [info] Got 0 sessions for read:user...
2025-10-26 23:58:27.458 [info] Getting sessions for user:email...
2025-10-26 23:58:27.458 [info] Got 0 sessions for user:email...
2025-10-26 23:58:28.003 [info] Getting sessions for read:user,repo,user:email,workflow...
2025-10-26 23:58:28.003 [info] Got 0 sessions for read:user,repo,user:email,workflow...
2025-10-26 23:58:28.018 [info] Getting sessions for read:user...
2025-10-26 23:58:28.018 [info] Got 0 sessions for read:user...
2025-10-26 23:58:28.020 [info] Getting sessions for user:email...
2025-10-26 23:58:28.020 [info] Got 0 sessions for user:email...
2025-10-26 23:58:29.997 [info] Getting sessions for read:user,repo,user:email,workflow...
2025-10-26 23:58:29.998 [info] Got 0 sessions for read:user,repo,user:email,workflow...
2025-10-26 23:58:30.000 [info] Getting sessions for read:user...
2025-10-26 23:58:30.000 [info] Got 0 sessions for read:user...
2025-10-26 23:58:30.002 [info] Getting sessions for user:email...
2025-10-26 23:58:30.002 [info] Got 0 sessions for user:email...
2025-10-26 23:58:30.596 [info] Getting sessions for read:user,repo,user:email,workflow...
2025-10-26 23:58:30.596 [info] Got 0 sessions for read:user,repo,user:email,workflow...
2025-10-26 23:58:30.598 [info] Getting sessions for read:user...
2025-10-26 23:58:30.598 [info] Got 0 sessions for read:user...
2025-10-26 23:58:30.600 [info] Getting sessions for user:email...
2025-10-26 23:58:30.600 [info] Got 0 sessions for user:email...
