2025-10-26 14:58:08.533 [info] [main] Log level: Info
2025-10-26 14:58:08.533 [info] [main] Validating found git in: "git"
2025-10-26 14:58:08.533 [info] [main] Using git "2.43.0" from "git"
2025-10-26 14:58:08.533 [info] [Model][doInitialScan] Initial repository scan started
2025-10-26 14:58:08.533 [info] [Model][doInitialScan] Initial repository scan completed - repositories (0), closed repositories (0), parent repositories (0), unsafe repositories (0)
2025-10-26 14:58:29.402 [info] [main] Log level: Info
2025-10-26 14:58:29.402 [info] [main] Validating found git in: "git"
2025-10-26 14:58:29.402 [info] [main] Using git "2.43.0" from "git"
2025-10-26 14:58:29.402 [info] [Model][doInitialScan] Initial repository scan started
2025-10-26 14:58:29.402 [info] > git rev-parse --show-toplevel [198ms]
2025-10-26 14:58:29.402 [info] fatal: not a git repository (or any of the parent directories): .git
2025-10-26 14:58:29.763 [info] > git rev-parse --show-toplevel [4ms]
2025-10-26 14:58:29.763 [info] fatal: not a git repository (or any of the parent directories): .git
2025-10-26 14:58:29.785 [info] > git rev-parse --show-toplevel [3ms]
2025-10-26 14:58:29.785 [info] fatal: not a git repository (or any of the parent directories): .git
2025-10-26 14:58:29.800 [info] > git rev-parse --show-toplevel [3ms]
2025-10-26 14:58:29.800 [info] fatal: not a git repository (or any of the parent directories): .git
2025-10-26 14:58:29.830 [info] > git rev-parse --show-toplevel [10ms]
2025-10-26 14:58:29.830 [info] fatal: not a git repository (or any of the parent directories): .git
2025-10-26 14:58:29.851 [info] > git rev-parse --show-toplevel [2ms]
2025-10-26 14:58:29.903 [info] > git rev-parse --git-dir --git-common-dir --show-superproject-working-tree [32ms]
2025-10-26 14:58:29.915 [info] [Model][openRepository] Opened repository (path): /home/kiel/dev/GuideToSuccess
2025-10-26 14:58:29.915 [info] [Model][openRepository] Opened repository (real path): /home/kiel/dev/GuideToSuccess
2025-10-26 14:58:29.915 [info] [Model][openRepository] Opened repository (kind): repository
2025-10-26 14:58:29.958 [info] > git rev-parse --show-toplevel [6ms]
2025-10-26 14:58:29.958 [info] fatal: not a git repository (or any of the parent directories): .git
2025-10-26 14:58:29.958 [info] > git config --get commit.template [21ms]
2025-10-26 14:58:29.996 [info] > git rev-parse --show-toplevel [20ms]
2025-10-26 14:58:30.016 [info] > git for-each-ref --format=%(refname)%00%(upstream:short)%00%(objectname)%00%(upstream:track)%00%(upstream:remotename)%00%(upstream:remoteref) refs/heads/main refs/remotes/main [22ms]
2025-10-26 14:58:30.020 [info] > git rev-parse --git-dir --git-common-dir --show-superproject-working-tree [8ms]
2025-10-26 14:58:30.024 [info] [Model][openRepository] Opened repository (path): /home/kiel/dev/RSG
2025-10-26 14:58:30.024 [info] [Model][openRepository] Opened repository (real path): /home/kiel/dev/RSG
2025-10-26 14:58:30.024 [info] [Model][openRepository] Opened repository (kind): repository
2025-10-26 14:58:30.058 [info] > git rev-parse --show-toplevel [5ms]
2025-10-26 14:58:30.058 [info] fatal: not a git repository (or any of the parent directories): .git
2025-10-26 14:58:30.058 [info] > git config --get commit.template [19ms]
2025-10-26 14:58:30.127 [info] > git status -z -uall [44ms]
2025-10-26 14:58:30.127 [info] > git for-each-ref --sort -committerdate --format %(refname)%00%(objectname)%00%(*objectname) [29ms]
2025-10-26 14:58:30.179 [info] > git for-each-ref --format=%(refname)%00%(upstream:short)%00%(objectname)%00%(upstream:track)%00%(upstream:remotename)%00%(upstream:remoteref) refs/heads/main refs/remotes/main [16ms]
2025-10-26 14:58:30.193 [info] > git for-each-ref --format=%(refname)%00%(upstream:short)%00%(objectname)%00%(upstream:track)%00%(upstream:remotename)%00%(upstream:remoteref) refs/heads/feat/graphql-appsync-setup refs/remotes/feat/graphql-appsync-setup [67ms]
2025-10-26 14:58:30.225 [info] > git rev-parse --show-toplevel [114ms]
2025-10-26 14:58:30.243 [info] > git status -z -uall [37ms]
2025-10-26 14:58:30.243 [info] > git config --get --local branch.main.vscode-merge-base [50ms]
2025-10-26 14:58:30.243 [warning] [Git][config] git config failed: Failed to execute git
2025-10-26 14:58:30.258 [info] > git config --get commit.template [79ms]
2025-10-26 14:58:30.354 [info] > git reflog main --grep-reflog=branch: Created from *. [97ms]
2025-10-26 14:58:30.372 [info] > git rev-parse --git-dir --git-common-dir --show-superproject-working-tree [130ms]
2025-10-26 14:58:30.376 [info] [Model][openRepository] Opened repository (path): /home/kiel/dev/dbz-marketplace
2025-10-26 14:58:30.376 [info] [Model][openRepository] Opened repository (real path): /home/kiel/dev/dbz-marketplace
2025-10-26 14:58:30.376 [info] [Model][openRepository] Opened repository (kind): repository
2025-10-26 14:58:30.377 [info] > git for-each-ref --sort -committerdate --format %(refname)%00%(objectname)%00%(*objectname) [152ms]
2025-10-26 14:58:30.459 [info] > git symbolic-ref --short refs/remotes/origin/HEAD [87ms]
2025-10-26 14:58:30.459 [info] fatal: ref refs/remotes/origin/HEAD is not a symbolic ref
2025-10-26 14:58:30.459 [warning] [Repository][getDefaultBranch] Failed to get default branch details: Failed to execute git.
2025-10-26 14:58:30.494 [info] > git check-ignore -v -z --stdin [4ms]
2025-10-26 14:58:30.495 [info] > git merge-base refs/heads/main refs/remotes/origin/main [20ms]
2025-10-26 14:58:30.515 [info] > git config --get commit.template [57ms]
2025-10-26 14:58:30.515 [info] > git rev-parse --show-toplevel [72ms]
2025-10-26 14:58:30.515 [info] fatal: not a git repository (or any of the parent directories): .git
2025-10-26 14:58:30.515 [info] > git config --get commit.template [87ms]
2025-10-26 14:58:30.515 [info] > git for-each-ref --format=%(refname)%00%(upstream:short)%00%(objectname)%00%(upstream:track)%00%(upstream:remotename)%00%(upstream:remoteref) refs/heads/main refs/remotes/main [101ms]
2025-10-26 14:58:30.515 [info] > git for-each-ref --format=%(refname)%00%(upstream:short)%00%(objectname)%00%(upstream:track)%00%(upstream:remotename)%00%(upstream:remoteref) refs/heads/feat/graphql-appsync-setup refs/remotes/feat/graphql-appsync-setup [117ms]
2025-10-26 14:58:30.556 [info] > git config --get --local branch.feat/graphql-appsync-setup.vscode-merge-base [21ms]
2025-10-26 14:58:30.572 [info] > git diff --name-status -z --diff-filter=ADMR 4e7dcfee17e4032f8b1ee43cdfccbab4e0e03330...refs/remotes/origin/main [58ms]
2025-10-26 14:58:30.604 [info] > git rev-parse --show-toplevel [49ms]
2025-10-26 14:58:30.620 [info] > git for-each-ref --format=%(refname)%00%(upstream:short)%00%(objectname)%00%(upstream:track)%00%(upstream:remotename)%00%(upstream:remoteref) refs/heads/main refs/remotes/main [29ms]
2025-10-26 14:58:30.620 [info] > git for-each-ref --format=%(refname)%00%(upstream:short)%00%(objectname)%00%(upstream:track)%00%(upstream:remotename)%00%(upstream:remoteref) refs/heads/origin/main refs/remotes/origin/main [49ms]
2025-10-26 14:58:30.667 [warning] [Git][revParse] Unable to read file: ENOENT: no such file or directory, open '/home/kiel/dev/dbz-marketplace/.git/refs/remotes/origin/main'
2025-10-26 14:58:30.669 [info] > git status -z -uall [29ms]
2025-10-26 14:58:30.669 [info] > git rev-parse --git-dir --git-common-dir --show-superproject-working-tree [50ms]
2025-10-26 14:58:30.678 [info] [Model][openRepository] Opened repository (path): /home/kiel/dev/redSaturn
2025-10-26 14:58:30.678 [info] [Model][openRepository] Opened repository (real path): /home/kiel/dev/redSaturn
2025-10-26 14:58:30.678 [info] [Model][openRepository] Opened repository (kind): repository
2025-10-26 14:58:30.679 [info] > git for-each-ref --format=%(refname)%00%(upstream:short)%00%(objectname)%00%(upstream:track)%00%(upstream:remotename)%00%(upstream:remoteref) refs/heads/feat/graphql-appsync-setup refs/remotes/feat/graphql-appsync-setup [76ms]
2025-10-26 14:58:30.755 [info] > git status -z -uall [60ms]
2025-10-26 14:58:30.756 [info] > git rev-parse refs/remotes/origin/main [88ms]
2025-10-26 14:58:30.791 [info] > git for-each-ref --sort -committerdate --format %(refname)%00%(objectname)%00%(*objectname) [138ms]
2025-10-26 14:58:30.805 [info] > git rev-parse --show-toplevel [52ms]
2025-10-26 14:58:30.805 [info] > git config --get commit.template [67ms]
2025-10-26 14:58:30.805 [info] > git for-each-ref --sort -committerdate --format %(refname)%00%(objectname)%00%(*objectname) [91ms]
2025-10-26 14:58:30.841 [info] > git rev-parse --git-dir --git-common-dir --show-superproject-working-tree [18ms]
2025-10-26 14:58:30.845 [info] [Model][openRepository] Opened repository (path): /home/kiel/dev/template
2025-10-26 14:58:30.845 [info] [Model][openRepository] Opened repository (real path): /home/kiel/dev/template
2025-10-26 14:58:30.845 [info] [Model][openRepository] Opened repository (kind): repository
2025-10-26 14:58:30.894 [info] > git for-each-ref --format=%(refname)%00%(upstream:short)%00%(objectname)%00%(upstream:track)%00%(upstream:remotename)%00%(upstream:remoteref) refs/heads/main refs/remotes/main [55ms]
2025-10-26 14:58:30.910 [warning] [Git][revParse] Unable to read file: ENOENT: no such file or directory, open '/home/kiel/dev/redSaturn/.git/refs/remotes/origin/main'
2025-10-26 14:58:30.911 [info] > git rev-parse --show-toplevel [34ms]
2025-10-26 14:58:30.911 [info] fatal: not a git repository (or any of the parent directories): .git
2025-10-26 14:58:30.913 [info] [Model][doInitialScan] Initial repository scan completed - repositories (5), closed repositories (0), parent repositories (0), unsafe repositories (0)
2025-10-26 14:58:30.914 [info] > git config --get commit.template [53ms]
2025-10-26 14:58:30.918 [info] > git rev-parse refs/remotes/origin/main [8ms]
2025-10-26 14:58:30.965 [info] > git status -z -uall [33ms]
2025-10-26 14:58:30.965 [info] > git for-each-ref --sort -committerdate --format %(refname)%00%(objectname)%00%(*objectname) [18ms]
2025-10-26 14:58:31.012 [info] > git for-each-ref --format=%(refname)%00%(upstream:short)%00%(objectname)%00%(upstream:track)%00%(upstream:remotename)%00%(upstream:remoteref) refs/heads/main refs/remotes/main [49ms]
2025-10-26 14:58:31.083 [info] > git status -z -uall [53ms]
2025-10-26 14:58:31.083 [info] > git check-ignore -v -z --stdin [17ms]
2025-10-26 14:58:31.083 [info] > git check-ignore -v -z --stdin [3ms]
2025-10-26 14:58:31.084 [info] > git for-each-ref --sort -committerdate --format %(refname)%00%(objectname)%00%(*objectname) [35ms]
2025-10-26 14:58:31.102 [info] > git config --get commit.template [99ms]
2025-10-26 14:58:31.102 [info] > git for-each-ref --format=%(refname)%00%(upstream:short)%00%(objectname)%00%(upstream:track)%00%(upstream:remotename)%00%(upstream:remoteref) refs/heads/main refs/remotes/main [115ms]
2025-10-26 14:58:31.140 [info] > git config --get --local branch.main.vscode-merge-base [24ms]
2025-10-26 14:58:31.155 [info] > git for-each-ref --format=%(refname)%00%(upstream:short)%00%(objectname)%00%(upstream:track)%00%(upstream:remotename)%00%(upstream:remoteref) refs/heads/main refs/remotes/main [55ms]
2025-10-26 14:58:31.170 [info] > git for-each-ref --sort -committerdate --format %(refname)%00%(objectname)%00%(*objectname) [379ms]
2025-10-26 14:58:31.213 [info] > git config --get --local branch.main.vscode-merge-base [44ms]
2025-10-26 14:58:31.213 [warning] [Git][config] git config failed: Failed to execute git
2025-10-26 14:58:31.230 [info] > git for-each-ref --format=%(refname)%00%(upstream:short)%00%(objectname)%00%(upstream:track)%00%(upstream:remotename)%00%(upstream:remoteref) refs/heads/origin/main refs/remotes/origin/main [75ms]
2025-10-26 14:58:31.244 [info] > git config --get commit.template [105ms]
2025-10-26 14:58:31.246 [info] > git reflog main --grep-reflog=branch: Created from *. [17ms]
2025-10-26 14:58:31.259 [info] > git for-each-ref --format=%(refname)%00%(upstream:short)%00%(objectname)%00%(upstream:track)%00%(upstream:remotename)%00%(upstream:remoteref) refs/heads/main refs/remotes/main [48ms]
2025-10-26 14:58:31.294 [warning] [Git][revParse] Unable to read file: ENOENT: no such file or directory, open '/home/kiel/dev/redSaturn/.git/refs/remotes/origin/main'
2025-10-26 14:58:31.294 [info] > git merge-base refs/heads/main refs/remotes/origin/main [50ms]
2025-10-26 14:58:31.309 [info] > git status -z -uall [534ms]
2025-10-26 14:58:31.309 [info] > git rev-parse refs/remotes/origin/main [15ms]
2025-10-26 14:58:31.340 [info] > git for-each-ref --format=%(refname)%00%(upstream:short)%00%(objectname)%00%(upstream:track)%00%(upstream:remotename)%00%(upstream:remoteref) refs/heads/main refs/remotes/main [65ms]
2025-10-26 14:58:31.411 [info] > git symbolic-ref --short refs/remotes/origin/HEAD [152ms]
2025-10-26 14:58:31.411 [info] fatal: ref refs/remotes/origin/HEAD is not a symbolic ref
2025-10-26 14:58:31.411 [warning] [Repository][getDefaultBranch] Failed to get default branch details: Failed to execute git.
2025-10-26 14:58:31.435 [info] > git status -z -uall [112ms]
2025-10-26 14:58:31.435 [info] > git status -z -uall [78ms]
2025-10-26 14:58:31.435 [info] > git for-each-ref --sort -committerdate --format %(refname)%00%(objectname)%00%(*objectname) [61ms]
2025-10-26 14:58:31.438 [info] > git for-each-ref --sort -committerdate --format %(refname)%00%(objectname)%00%(*objectname) [98ms]
2025-10-26 14:58:31.459 [info] > git diff --name-status -z --diff-filter=ADMR 0ea2ec2c4415a8dd6c457bf14bf6c91a4a655019...refs/remotes/origin/main [151ms]
2025-10-26 14:58:31.465 [info] > git merge-base refs/heads/main refs/remotes/origin/main [6ms]
2025-10-26 14:58:31.478 [info] > git config --get commit.template [44ms]
2025-10-26 14:58:31.478 [info] > git for-each-ref --format=%(refname)%00%(upstream:short)%00%(objectname)%00%(upstream:track)%00%(upstream:remotename)%00%(upstream:remoteref) refs/heads/main refs/remotes/main [68ms]
2025-10-26 14:58:31.501 [info] > git diff --name-status -z --diff-filter=ADMR 0ea2ec2c4415a8dd6c457bf14bf6c91a4a655019...refs/remotes/origin/main [23ms]
2025-10-26 14:58:31.521 [info] > git config --get --local branch.main.vscode-merge-base [25ms]
2025-10-26 14:58:31.535 [info] > git for-each-ref --format=%(refname)%00%(upstream:short)%00%(objectname)%00%(upstream:track)%00%(upstream:remotename)%00%(upstream:remoteref) refs/heads/main refs/remotes/main [15ms]
2025-10-26 14:58:31.563 [warning] [Git][revParse] Unable to read file: ENOENT: no such file or directory, open '/home/kiel/dev/dbz-marketplace/.git/refs/remotes/origin/main'
2025-10-26 14:58:31.563 [info] > git for-each-ref --format=%(refname)%00%(upstream:short)%00%(objectname)%00%(upstream:track)%00%(upstream:remotename)%00%(upstream:remoteref) refs/heads/origin/main refs/remotes/origin/main [30ms]
2025-10-26 14:58:31.599 [info] > git merge-base refs/heads/main refs/remotes/origin/main [18ms]
2025-10-26 14:58:31.617 [info] > git rev-parse refs/remotes/origin/main [54ms]
2025-10-26 14:58:31.653 [info] > git diff --name-status -z --diff-filter=ADMR e2a3f121b987b70367fbc3576424a00c99df580e...refs/remotes/origin/main [36ms]
2025-10-26 14:58:31.728 [info] > git for-each-ref --sort -committerdate --format %(refname)%00%(objectname)%00%(*objectname) [76ms]
2025-10-26 14:58:31.903 [info] > git status -z -uall [265ms]
2025-10-26 14:58:35.434 [info] > git check-ignore -v -z --stdin [46ms]
2025-10-26 14:58:35.435 [info] > git check-ignore -v -z --stdin [27ms]
2025-10-26 14:58:35.437 [info] > git check-ignore -v -z --stdin [5ms]
2025-10-26 14:59:33.617 [info] > git rev-parse --show-toplevel [13ms]
2025-10-26 14:59:33.664 [info] > git rev-parse --git-dir --git-common-dir --show-superproject-working-tree [20ms]
2025-10-26 14:59:33.673 [info] [Model][openRepository] Opened repository (path): /home/kiel/dev/MK-Ultra/build-queue
2025-10-26 14:59:33.673 [info] [Model][openRepository] Opened repository (real path): /home/kiel/dev/MK-Ultra/build-queue
2025-10-26 14:59:33.673 [info] [Model][openRepository] Opened repository (kind): repository
2025-10-26 14:59:33.759 [info] > git config --get commit.template [37ms]
2025-10-26 14:59:33.785 [info] > git for-each-ref --format=%(refname)%00%(upstream:short)%00%(objectname)%00%(upstream:track)%00%(upstream:remotename)%00%(upstream:remoteref) refs/heads/main refs/remotes/main [3ms]
2025-10-26 14:59:33.829 [info] > git status -z -uall [29ms]
2025-10-26 14:59:33.829 [info] > git for-each-ref --sort -committerdate --format %(refname)%00%(objectname)%00%(*objectname) [14ms]
2025-10-26 14:59:33.862 [info] > git for-each-ref --format=%(refname)%00%(upstream:short)%00%(objectname)%00%(upstream:track)%00%(upstream:remotename)%00%(upstream:remoteref) refs/heads/main refs/remotes/main [16ms]
2025-10-26 14:59:33.881 [info] > git config --get commit.template [20ms]
2025-10-26 14:59:33.902 [info] > git config --get --local branch.main.vscode-merge-base [22ms]
2025-10-26 14:59:33.923 [info] > git for-each-ref --format=%(refname)%00%(upstream:short)%00%(objectname)%00%(upstream:track)%00%(upstream:remotename)%00%(upstream:remoteref) refs/heads/main refs/remotes/main [22ms]
2025-10-26 14:59:33.957 [info] > git status -z -uall [20ms]
2025-10-26 14:59:33.958 [info] > git for-each-ref --format=%(refname)%00%(upstream:short)%00%(objectname)%00%(upstream:track)%00%(upstream:remotename)%00%(upstream:remoteref) refs/heads/origin/main refs/remotes/origin/main [36ms]
2025-10-26 14:59:33.977 [info] > git for-each-ref --sort -committerdate --format %(refname)%00%(objectname)%00%(*objectname) [22ms]
2025-10-26 14:59:33.997 [info] > git merge-base refs/heads/main refs/remotes/origin/main [21ms]
2025-10-26 14:59:34.015 [info] > git merge-base refs/heads/main refs/remotes/origin/main [20ms]
2025-10-26 14:59:34.031 [info] > git diff --name-status -z --diff-filter=ADMR e61798bdf2e769ca4a3b0ac7b48e95668c970583...refs/remotes/origin/main [18ms]
2025-10-26 14:59:34.033 [info] > git diff --name-status -z --diff-filter=ADMR e61798bdf2e769ca4a3b0ac7b48e95668c970583...refs/remotes/origin/main [3ms]
2025-10-26 14:59:34.070 [info] > git show --textconv :src/services/frontend/.gitignore [16ms]
2025-10-26 14:59:34.084 [info] > git ls-files --stage -- src/services/frontend/.gitignore [15ms]
2025-10-26 14:59:34.104 [info] > git hash-object -t tree /dev/null [21ms]
2025-10-26 14:59:34.104 [warning] [GitFileSystemProvider][readFile] File not found - git:/home/kiel/dev/MK-Ultra/build-queue/src/services/frontend/.gitignore.git?%7B%22path%22%3A%22%2Fhome%2Fkiel%2Fdev%2FMK-Ultra%2Fbuild-queue%2Fsrc%2Fservices%2Ffrontend%2F.gitignore%22%2C%22ref%22%3A%22%22%7D
2025-10-26 14:59:34.109 [info] > git hash-object -t tree /dev/null [6ms]
2025-10-26 14:59:34.109 [warning] [GitFileSystemProvider][stat] File not found - git:/home/kiel/dev/MK-Ultra/build-queue/src/services/frontend/.gitignore.git?%7B%22path%22%3A%22%2Fhome%2Fkiel%2Fdev%2FMK-Ultra%2Fbuild-queue%2Fsrc%2Fservices%2Ffrontend%2F.gitignore%22%2C%22ref%22%3A%22%22%7D
2025-10-26 14:59:34.322 [info] > git check-ignore -v -z --stdin [33ms]
2025-10-26 14:59:34.324 [info] > git check-ignore -v -z --stdin [4ms]
2025-10-26 14:59:39.929 [info] > git check-ignore -v -z --stdin [2ms]
2025-10-26 14:59:43.158 [info] > git check-ignore -v -z --stdin [6ms]
2025-10-26 14:59:48.465 [info] > git check-ignore -v -z --stdin [3ms]
2025-10-26 14:59:49.209 [info] > git check-ignore -v -z --stdin [25ms]
2025-10-26 14:59:49.210 [info] > git check-ignore -v -z --stdin [54ms]
2025-10-26 14:59:49.210 [info] > git check-ignore -v -z --stdin [2ms]
2025-10-26 14:59:52.134 [info] > git rev-parse --show-toplevel [5ms]
2025-10-26 14:59:52.134 [info] fatal: not a git repository (or any of the parent directories): .git
2025-10-26 14:59:53.316 [info] > git config --get commit.template [27ms]
2025-10-26 14:59:53.319 [info] > git for-each-ref --format=%(refname)%00%(upstream:short)%00%(objectname)%00%(upstream:track)%00%(upstream:remotename)%00%(upstream:remoteref) refs/heads/main refs/remotes/main [5ms]
2025-10-26 14:59:53.371 [info] > git status -z -uall [27ms]
2025-10-26 14:59:53.375 [info] > git for-each-ref --sort -committerdate --format %(refname)%00%(objectname)%00%(*objectname) [4ms]
2025-10-26 15:00:35.830 [info] > git config --get commit.template [26ms]
2025-10-26 15:00:35.831 [info] > git for-each-ref --format=%(refname)%00%(upstream:short)%00%(objectname)%00%(upstream:track)%00%(upstream:remotename)%00%(upstream:remoteref) refs/heads/main refs/remotes/main [3ms]
2025-10-26 15:00:35.886 [info] > git status -z -uall [31ms]
2025-10-26 15:00:35.888 [info] > git for-each-ref --sort -committerdate --format %(refname)%00%(objectname)%00%(*objectname) [5ms]
2025-10-26 15:00:35.919 [info] > git merge-base refs/heads/main refs/remotes/origin/main [4ms]
2025-10-26 15:00:35.936 [info] > git diff --name-status -z --diff-filter=ADMR 767e0635418f8b80ac1b021e5b1e281b93f35e29...refs/remotes/origin/main [2ms]
2025-10-26 15:00:40.970 [info] > git config --get commit.template [26ms]
2025-10-26 15:00:40.973 [info] > git for-each-ref --format=%(refname)%00%(upstream:short)%00%(objectname)%00%(upstream:track)%00%(upstream:remotename)%00%(upstream:remoteref) refs/heads/main refs/remotes/main [4ms]
2025-10-26 15:00:41.026 [info] > git status -z -uall [28ms]
2025-10-26 15:00:41.028 [info] > git for-each-ref --sort -committerdate --format %(refname)%00%(objectname)%00%(*objectname) [5ms]
2025-10-26 15:00:53.531 [info] > git show --textconv :src/services/frontend/.gitignore [15ms]
2025-10-26 15:00:53.532 [warning] [GitFileSystemProvider][readFile] File not found - git:/home/kiel/dev/MK-Ultra/build-queue/src/services/frontend/.gitignore.git?%7B%22path%22%3A%22%2Fhome%2Fkiel%2Fdev%2FMK-Ultra%2Fbuild-queue%2Fsrc%2Fservices%2Ffrontend%2F.gitignore%22%2C%22ref%22%3A%22%22%7D
2025-10-26 15:00:53.533 [info] > git ls-files --stage -- src/services/frontend/.gitignore [3ms]
2025-10-26 15:00:53.533 [warning] [GitFileSystemProvider][stat] File not found - git:/home/kiel/dev/MK-Ultra/build-queue/src/services/frontend/.gitignore.git?%7B%22path%22%3A%22%2Fhome%2Fkiel%2Fdev%2FMK-Ultra%2Fbuild-queue%2Fsrc%2Fservices%2Ffrontend%2F.gitignore%22%2C%22ref%22%3A%22%22%7D
2025-10-26 15:00:54.492 [info] > git config --get commit.template [29ms]
2025-10-26 15:00:54.498 [info] > git for-each-ref --format=%(refname)%00%(upstream:short)%00%(objectname)%00%(upstream:track)%00%(upstream:remotename)%00%(upstream:remoteref) refs/heads/main refs/remotes/main [7ms]
2025-10-26 15:00:54.549 [info] > git status -z -uall [25ms]
2025-10-26 15:00:54.553 [info] > git for-each-ref --sort -committerdate --format %(refname)%00%(objectname)%00%(*objectname) [5ms]
2025-10-26 22:57:37.005 [info] > git rev-parse --show-toplevel [2ms]
2025-10-26 22:57:37.037 [info] > git rev-parse --git-dir --git-common-dir --show-superproject-working-tree [6ms]
2025-10-26 22:57:37.041 [info] [Model][openRepository] Opened repository (path): /home/kiel/dev/flaish
2025-10-26 22:57:37.041 [info] [Model][openRepository] Opened repository (real path): /home/kiel/dev/flaish
2025-10-26 22:57:37.041 [info] [Model][openRepository] Opened repository (kind): repository
2025-10-26 22:57:37.064 [info] > git config --get commit.template [3ms]
2025-10-26 22:57:37.064 [info] [Git][getRemotes] No remotes found in the git config file
2025-10-26 22:57:37.084 [info] > git for-each-ref --format=%(refname)%00%(upstream:short)%00%(objectname)%00%(upstream:track)%00%(upstream:remotename)%00%(upstream:remoteref) refs/heads/master refs/remotes/master [3ms]
2025-10-26 22:57:37.084 [warning] [Git][getBranch] No such branch: master
2025-10-26 22:57:37.129 [info] > git status -z -uall [23ms]
2025-10-26 22:57:37.130 [info] > git for-each-ref --sort -committerdate --format %(refname)%00%(objectname)%00%(*objectname) [3ms]
2025-10-26 22:57:37.178 [info] > git for-each-ref --format=%(refname)%00%(upstream:short)%00%(objectname)%00%(upstream:track)%00%(upstream:remotename)%00%(upstream:remoteref) refs/heads/master refs/remotes/master [22ms]
2025-10-26 22:57:37.178 [warning] [Git][getBranch] No such branch: master
2025-10-26 22:57:37.179 [error] [GitHistoryProvider][resolveHEADMergeBase] Failed to resolve merge base for master: Error: No such branch: master.
2025-10-26 22:57:37.181 [info] > git config --get commit.template [3ms]
2025-10-26 22:57:37.202 [info] [Git][getRemotes] No remotes found in the git config file
2025-10-26 22:57:37.203 [info] > git for-each-ref --format=%(refname)%00%(upstream:short)%00%(objectname)%00%(upstream:track)%00%(upstream:remotename)%00%(upstream:remoteref) refs/heads/master refs/remotes/master [1ms]
2025-10-26 22:57:37.203 [warning] [Git][getBranch] No such branch: master
2025-10-26 22:57:37.242 [info] > git status -z -uall [18ms]
2025-10-26 22:57:37.243 [info] > git for-each-ref --sort -committerdate --format %(refname)%00%(objectname)%00%(*objectname) [2ms]
2025-10-26 22:57:37.681 [info] > git check-ignore -v -z --stdin [69ms]
2025-10-26 22:57:37.682 [info] > git check-ignore -v -z --stdin [45ms]
2025-10-26 22:57:37.682 [info] > git check-ignore -v -z --stdin [20ms]
2025-10-26 22:57:37.683 [info] > git check-ignore -v -z --stdin [2ms]
2025-10-26 23:17:41.933 [info] > git config --get commit.template [2ms]
2025-10-26 23:17:41.934 [info] > git config --get commit.template [29ms]
2025-10-26 23:17:41.934 [info] > git config --get commit.template [53ms]
2025-10-26 23:17:41.994 [info] [Git][getRemotes] No remotes found in the git config file
2025-10-26 23:17:41.995 [info] > git for-each-ref --format=%(refname)%00%(upstream:short)%00%(objectname)%00%(upstream:track)%00%(upstream:remotename)%00%(upstream:remoteref) refs/heads/main refs/remotes/main [20ms]
2025-10-26 23:17:41.995 [info] > git for-each-ref --format=%(refname)%00%(upstream:short)%00%(objectname)%00%(upstream:track)%00%(upstream:remotename)%00%(upstream:remoteref) refs/heads/main refs/remotes/main [43ms]
2025-10-26 23:17:42.056 [info] > git status -z -uall [45ms]
2025-10-26 23:17:42.056 [info] > git status -z -uall [15ms]
2025-10-26 23:17:42.056 [info] > git for-each-ref --format=%(refname)%00%(upstream:short)%00%(objectname)%00%(upstream:track)%00%(upstream:remotename)%00%(upstream:remoteref) refs/heads/main refs/remotes/main [62ms]
2025-10-26 23:17:42.057 [warning] [Git][getBranch] No such branch: main
2025-10-26 23:17:42.094 [info] > git status -z -uall [18ms]
2025-10-26 23:17:42.094 [info] > git for-each-ref --sort -committerdate --format %(refname)%00%(objectname)%00%(*objectname) [38ms]
2025-10-26 23:17:42.097 [info] > git for-each-ref --sort -committerdate --format %(refname)%00%(objectname)%00%(*objectname) [70ms]
2025-10-26 23:17:42.122 [info] > git for-each-ref --sort -committerdate --format %(refname)%00%(objectname)%00%(*objectname) [29ms]
2025-10-26 23:17:42.149 [info] > git for-each-ref --format=%(refname)%00%(upstream:short)%00%(objectname)%00%(upstream:track)%00%(upstream:remotename)%00%(upstream:remoteref) refs/heads/main refs/remotes/main [4ms]
2025-10-26 23:17:42.149 [warning] [Git][getBranch] No such branch: main
2025-10-26 23:17:42.150 [error] [GitHistoryProvider][resolveHEADMergeBase] Failed to resolve merge base for main: Error: No such branch: main.
2025-10-26 23:17:42.150 [info] > git merge-base refs/heads/main refs/remotes/origin/main [29ms]
2025-10-26 23:17:42.175 [info] > git diff --name-status -z --diff-filter=ADMR d3f8023c0b61003d13ab56a353067a7ce3197ff6...refs/remotes/origin/main [4ms]
2025-10-26 23:17:42.498 [info] > git show --textconv :src/services/frontend/.gitignore [27ms]
2025-10-26 23:17:42.502 [info] > git ls-files --stage -- src/services/frontend/.gitignore [5ms]
2025-10-26 23:17:42.537 [info] > git cat-file -s 7870dfa32dcdfa1c8a94e4f88157823008f61fc0 [17ms]
2025-10-26 23:17:42.625 [info] > git rev-parse --show-toplevel [3ms]
2025-10-26 23:17:42.647 [info] > git rev-parse --git-dir --git-common-dir --show-superproject-working-tree [6ms]
2025-10-26 23:17:42.651 [info] [Model][openRepository] Opened repository (path): /home/kiel/dev/GuideToSuccess/wtrees/feature/cdk-deploy
2025-10-26 23:17:42.651 [info] [Model][openRepository] Opened repository (real path): /home/kiel/dev/GuideToSuccess/wtrees/feature/cdk-deploy
2025-10-26 23:17:42.651 [info] [Model][openRepository] Opened repository (kind): worktree
2025-10-26 23:17:42.671 [info] > git config --get commit.template [2ms]
2025-10-26 23:17:42.691 [info] > git for-each-ref --format=%(refname)%00%(upstream:short)%00%(objectname)%00%(upstream:track)%00%(upstream:remotename)%00%(upstream:remoteref) refs/heads/cdk-deploy refs/remotes/cdk-deploy [2ms]
2025-10-26 23:17:42.724 [info] > git status -z -uall [17ms]
2025-10-26 23:17:42.726 [info] > git for-each-ref --sort -committerdate --format %(refname)%00%(objectname)%00%(*objectname) [3ms]
2025-10-26 23:17:42.765 [info] > git for-each-ref --format=%(refname)%00%(upstream:short)%00%(objectname)%00%(upstream:track)%00%(upstream:remotename)%00%(upstream:remoteref) refs/heads/cdk-deploy refs/remotes/cdk-deploy [17ms]
2025-10-26 23:17:42.782 [info] > git config --get commit.template [18ms]
2025-10-26 23:17:42.799 [info] > git for-each-ref --format=%(refname)%00%(upstream:short)%00%(objectname)%00%(upstream:track)%00%(upstream:remotename)%00%(upstream:remoteref) refs/heads/cdk-deploy refs/remotes/cdk-deploy [3ms]
2025-10-26 23:17:42.799 [info] > git config --get --local branch.cdk-deploy.vscode-merge-base [18ms]
2025-10-26 23:17:42.799 [warning] [Git][config] git config failed: Failed to execute git
2025-10-26 23:17:42.849 [info] > git status -z -uall [15ms]
2025-10-26 23:17:42.850 [info] > git reflog cdk-deploy --grep-reflog=branch: Created from *. [32ms]
2025-10-26 23:17:42.866 [info] > git for-each-ref --sort -committerdate --format %(refname)%00%(objectname)%00%(*objectname) [17ms]
2025-10-26 23:17:42.869 [info] > git reflog HEAD --grep-reflog=checkout: moving from .* to cdk-deploy [4ms]
2025-10-26 23:17:42.887 [info] > git symbolic-ref --short refs/remotes/origin/HEAD [3ms]
2025-10-26 23:17:42.887 [info] fatal: ref refs/remotes/origin/HEAD is not a symbolic ref
2025-10-26 23:17:42.887 [warning] [Repository][getDefaultBranch] Failed to get default branch details: Failed to execute git.
2025-10-26 23:17:43.271 [info] > git check-ignore -v -z --stdin [73ms]
2025-10-26 23:17:43.271 [info] > git check-ignore -v -z --stdin [48ms]
2025-10-26 23:17:43.272 [info] > git check-ignore -v -z --stdin [29ms]
2025-10-26 23:17:43.272 [info] > git check-ignore -v -z --stdin [4ms]
2025-10-26 23:17:45.043 [info] > git check-ignore -v -z --stdin [43ms]
2025-10-26 23:17:45.044 [info] > git check-ignore -v -z --stdin [22ms]
2025-10-26 23:17:45.044 [info] > git check-ignore -v -z --stdin [2ms]
2025-10-26 23:17:47.176 [info] > git config --get commit.template [51ms]
2025-10-26 23:17:47.196 [info] > git config --get commit.template [44ms]
2025-10-26 23:17:47.215 [info] > git config --get commit.template [40ms]
2025-10-26 23:17:47.215 [info] [Git][getRemotes] No remotes found in the git config file
2025-10-26 23:17:47.236 [info] > git for-each-ref --format=%(refname)%00%(upstream:short)%00%(objectname)%00%(upstream:track)%00%(upstream:remotename)%00%(upstream:remoteref) refs/heads/main refs/remotes/main [41ms]
2025-10-26 23:17:47.237 [info] > git for-each-ref --format=%(refname)%00%(upstream:short)%00%(objectname)%00%(upstream:track)%00%(upstream:remotename)%00%(upstream:remoteref) refs/heads/main refs/remotes/main [23ms]
2025-10-26 23:17:47.275 [info] > git status -z -uall [20ms]
2025-10-26 23:17:47.275 [info] > git for-each-ref --format=%(refname)%00%(upstream:short)%00%(objectname)%00%(upstream:track)%00%(upstream:remotename)%00%(upstream:remoteref) refs/heads/main refs/remotes/main [39ms]
2025-10-26 23:17:47.275 [warning] [Git][getBranch] No such branch: main
2025-10-26 23:17:47.336 [info] > git status -z -uall [46ms]
2025-10-26 23:17:47.336 [info] > git status -z -uall [13ms]
2025-10-26 23:17:47.336 [info] > git for-each-ref --sort -committerdate --format %(refname)%00%(objectname)%00%(*objectname) [62ms]
2025-10-26 23:17:47.340 [info] > git for-each-ref --sort -committerdate --format %(refname)%00%(objectname)%00%(*objectname) [5ms]
2025-10-26 23:17:47.342 [info] > git for-each-ref --sort -committerdate --format %(refname)%00%(objectname)%00%(*objectname) [37ms]
2025-10-26 23:17:49.070 [info] > git check-ignore -v -z --stdin [2ms]
2025-10-26 23:17:51.157 [info] > git check-ignore -v -z --stdin [28ms]
2025-10-26 23:17:52.700 [info] > git check-ignore -v -z --stdin [4ms]
2025-10-26 23:17:55.694 [info] > git check-ignore -v -z --stdin [4ms]
2025-10-26 23:17:56.398 [info] > git check-ignore -v -z --stdin [2ms]
2025-10-26 23:17:59.781 [info] > git check-ignore -v -z --stdin [4ms]
2025-10-26 23:18:02.495 [info] > git check-ignore -v -z --stdin [3ms]
2025-10-26 23:18:04.450 [info] > git check-ignore -v -z --stdin [4ms]
2025-10-26 23:18:09.376 [info] > git check-ignore -v -z --stdin [3ms]
2025-10-26 23:18:11.361 [info] > git check-ignore -v -z --stdin [4ms]
2025-10-26 23:18:13.481 [info] > git check-ignore -v -z --stdin [5ms]
2025-10-26 23:18:14.131 [info] > git check-ignore -v -z --stdin [4ms]
2025-10-26 23:57:47.260 [info] > git config --get commit.template [23ms]
2025-10-26 23:57:47.260 [info] > git config --get commit.template [49ms]
2025-10-26 23:57:47.260 [info] > git config --get commit.template [69ms]
2025-10-26 23:57:47.261 [info] [Git][getRemotes] No remotes found in the git config file
2025-10-26 23:57:47.323 [info] > git for-each-ref --format=%(refname)%00%(upstream:short)%00%(objectname)%00%(upstream:track)%00%(upstream:remotename)%00%(upstream:remoteref) refs/heads/main refs/remotes/main [18ms]
2025-10-26 23:57:47.324 [info] > git for-each-ref --format=%(refname)%00%(upstream:short)%00%(objectname)%00%(upstream:track)%00%(upstream:remotename)%00%(upstream:remoteref) refs/heads/main refs/remotes/main [33ms]
2025-10-26 23:57:47.354 [info] > git status -z -uall [15ms]
2025-10-26 23:57:47.354 [info] > git for-each-ref --format=%(refname)%00%(upstream:short)%00%(objectname)%00%(upstream:track)%00%(upstream:remotename)%00%(upstream:remoteref) refs/heads/cdk-deploy refs/remotes/cdk-deploy [31ms]
2025-10-26 23:57:47.412 [info] > git status -z -uall [44ms]
2025-10-26 23:57:47.412 [info] > git status -z -uall [17ms]
2025-10-26 23:57:47.412 [info] > git for-each-ref --sort -committerdate --format %(refname)%00%(objectname)%00%(*objectname) [30ms]
2025-10-26 23:57:47.415 [info] > git for-each-ref --sort -committerdate --format %(refname)%00%(objectname)%00%(*objectname) [62ms]
2025-10-26 23:57:47.417 [info] > git for-each-ref --sort -committerdate --format %(refname)%00%(objectname)%00%(*objectname) [7ms]
2025-10-26 23:57:52.489 [info] > git config --get commit.template [49ms]
2025-10-26 23:57:52.490 [info] > git config --get commit.template [2ms]
2025-10-26 23:57:52.490 [info] > git config --get commit.template [26ms]
2025-10-26 23:57:52.522 [info] [Git][getRemotes] No remotes found in the git config file
2025-10-26 23:57:52.571 [info] > git for-each-ref --format=%(refname)%00%(upstream:short)%00%(objectname)%00%(upstream:track)%00%(upstream:remotename)%00%(upstream:remoteref) refs/heads/main refs/remotes/main [20ms]
2025-10-26 23:57:52.571 [info] > git for-each-ref --format=%(refname)%00%(upstream:short)%00%(objectname)%00%(upstream:track)%00%(upstream:remotename)%00%(upstream:remoteref) refs/heads/cdk-deploy refs/remotes/cdk-deploy [51ms]
2025-10-26 23:57:52.572 [info] > git for-each-ref --format=%(refname)%00%(upstream:short)%00%(objectname)%00%(upstream:track)%00%(upstream:remotename)%00%(upstream:remoteref) refs/heads/main refs/remotes/main [2ms]
2025-10-26 23:57:52.613 [info] > git status -z -uall [23ms]
2025-10-26 23:57:52.703 [info] > git status -z -uall [67ms]
2025-10-26 23:57:52.703 [info] > git status -z -uall [21ms]
2025-10-26 23:57:52.704 [info] > git for-each-ref --sort -committerdate --format %(refname)%00%(objectname)%00%(*objectname) [91ms]
2025-10-26 23:57:52.707 [info] > git for-each-ref --sort -committerdate --format %(refname)%00%(objectname)%00%(*objectname) [5ms]
2025-10-26 23:57:52.709 [info] > git for-each-ref --sort -committerdate --format %(refname)%00%(objectname)%00%(*objectname) [55ms]
2025-10-26 23:57:56.282 [info] > git check-ignore -v -z --stdin [4ms]
2025-10-26 23:58:00.603 [info] > git check-ignore -v -z --stdin [1ms]
2025-10-26 23:58:03.402 [info] > git check-ignore -v -z --stdin [2ms]
2025-10-26 23:58:07.489 [info] > git check-ignore -v -z --stdin [2ms]
2025-10-26 23:58:20.534 [info] > git rev-parse --show-toplevel [7ms]
2025-10-26 23:58:20.534 [info] fatal: not a git repository (or any of the parent directories): .git
2025-10-26 23:58:22.867 [info] > git config --get commit.template [3ms]
2025-10-26 23:58:22.889 [info] [Git][getRemotes] No remotes found in the git config file
2025-10-26 23:58:22.892 [info] > git for-each-ref --format=%(refname)%00%(upstream:short)%00%(objectname)%00%(upstream:track)%00%(upstream:remotename)%00%(upstream:remoteref) refs/heads/main refs/remotes/main [3ms]
2025-10-26 23:58:22.938 [info] > git status -z -uall [19ms]
2025-10-26 23:58:22.939 [info] > git for-each-ref --sort -committerdate --format %(refname)%00%(objectname)%00%(*objectname) [2ms]
2025-10-26 23:58:29.467 [info] [Git][getRemotes] No remotes found in the git config file
2025-10-26 23:58:29.468 [info] > git config --get commit.template [22ms]
2025-10-26 23:58:29.469 [info] > git for-each-ref --format=%(refname)%00%(upstream:short)%00%(objectname)%00%(upstream:track)%00%(upstream:remotename)%00%(upstream:remoteref) refs/heads/main refs/remotes/main [2ms]
2025-10-26 23:58:29.518 [info] > git status -z -uall [21ms]
2025-10-26 23:58:29.520 [info] > git for-each-ref --sort -committerdate --format %(refname)%00%(objectname)%00%(*objectname) [2ms]
2025-10-26 23:58:34.170 [info] > git rev-parse --show-toplevel [1ms]
2025-10-26 23:58:34.170 [info] fatal: not a git repository (or any of the parent directories): .git
2025-10-26 23:58:34.331 [info] > git check-ignore -v -z --stdin [120ms]
2025-10-26 23:58:34.331 [info] > git check-ignore -v -z --stdin [98ms]
2025-10-26 23:58:34.331 [info] > git check-ignore -v -z --stdin [78ms]
2025-10-26 23:58:34.331 [info] > git check-ignore -v -z --stdin [59ms]
2025-10-26 23:58:34.331 [info] > git check-ignore -v -z --stdin [32ms]
2025-10-26 23:58:34.332 [info] > git check-ignore -v -z --stdin [17ms]
2025-10-26 23:58:34.332 [info] > git check-ignore -v -z --stdin [3ms]
2025-10-26 23:58:35.735 [info] [Git][getRemotes] No remotes found in the git config file
2025-10-26 23:58:35.756 [info] > git config --get commit.template [22ms]
2025-10-26 23:58:35.757 [info] > git for-each-ref --format=%(refname)%00%(upstream:short)%00%(objectname)%00%(upstream:track)%00%(upstream:remotename)%00%(upstream:remoteref) refs/heads/main refs/remotes/main [2ms]
2025-10-26 23:58:35.805 [info] > git status -z -uall [29ms]
2025-10-26 23:58:35.807 [info] > git for-each-ref --sort -committerdate --format %(refname)%00%(objectname)%00%(*objectname) [6ms]
2025-10-26 23:58:38.262 [info] > git check-ignore -v -z --stdin [30ms]
2025-10-26 23:58:38.265 [info] > git check-ignore -v -z --stdin [4ms]
2025-10-26 23:58:40.892 [info] > git check-ignore -v -z --stdin [2ms]
2025-10-26 23:58:42.629 [info] [Git][getRemotes] No remotes found in the git config file
2025-10-26 23:58:42.630 [info] > git config --get commit.template [31ms]
2025-10-26 23:58:42.631 [info] > git for-each-ref --format=%(refname)%00%(upstream:short)%00%(objectname)%00%(upstream:track)%00%(upstream:remotename)%00%(upstream:remoteref) refs/heads/main refs/remotes/main [2ms]
2025-10-26 23:58:42.680 [info] > git status -z -uall [19ms]
2025-10-26 23:58:42.682 [info] > git for-each-ref --sort -committerdate --format %(refname)%00%(objectname)%00%(*objectname) [3ms]
2025-10-26 23:58:58.254 [info] [Git][getRemotes] No remotes found in the git config file
2025-10-26 23:58:58.255 [info] > git config --get commit.template [18ms]
2025-10-26 23:58:58.255 [info] > git for-each-ref --format=%(refname)%00%(upstream:short)%00%(objectname)%00%(upstream:track)%00%(upstream:remotename)%00%(upstream:remoteref) refs/heads/main refs/remotes/main [1ms]
2025-10-26 23:58:58.285 [info] > git status -z -uall [15ms]
2025-10-26 23:58:58.286 [info] > git for-each-ref --sort -committerdate --format %(refname)%00%(objectname)%00%(*objectname) [2ms]
2025-10-26 23:58:58.848 [info] > git check-ignore -v -z --stdin [71ms]
2025-10-26 23:58:58.898 [info] > git show --textconv :constants.ts [18ms]
2025-10-26 23:58:58.920 [info] > git ls-files --stage -- constants.ts [22ms]
2025-10-26 23:58:58.941 [info] > git cat-file -s b32bda2e9e7dd302dd6736d3d37c42642ef55d7c [2ms]
2025-10-26 23:59:03.341 [info] [Git][getRemotes] No remotes found in the git config file
2025-10-26 23:59:03.342 [info] > git config --get commit.template [26ms]
2025-10-26 23:59:03.344 [info] > git for-each-ref --format=%(refname)%00%(upstream:short)%00%(objectname)%00%(upstream:track)%00%(upstream:remotename)%00%(upstream:remoteref) refs/heads/main refs/remotes/main [4ms]
2025-10-26 23:59:03.388 [info] > git status -z -uall [18ms]
2025-10-26 23:59:03.390 [info] > git for-each-ref --sort -committerdate --format %(refname)%00%(objectname)%00%(*objectname) [3ms]
2025-10-26 23:59:08.445 [info] [Git][getRemotes] No remotes found in the git config file
2025-10-26 23:59:08.446 [info] > git config --get commit.template [27ms]
2025-10-26 23:59:08.447 [info] > git for-each-ref --format=%(refname)%00%(upstream:short)%00%(objectname)%00%(upstream:track)%00%(upstream:remotename)%00%(upstream:remoteref) refs/heads/main refs/remotes/main [2ms]
2025-10-26 23:59:08.511 [info] > git status -z -uall [32ms]
2025-10-26 23:59:08.512 [info] > git for-each-ref --sort -committerdate --format %(refname)%00%(objectname)%00%(*objectname) [3ms]
2025-10-26 23:59:13.577 [info] [Git][getRemotes] No remotes found in the git config file
2025-10-26 23:59:13.578 [info] > git config --get commit.template [29ms]
2025-10-26 23:59:13.579 [info] > git for-each-ref --format=%(refname)%00%(upstream:short)%00%(objectname)%00%(upstream:track)%00%(upstream:remotename)%00%(upstream:remoteref) refs/heads/main refs/remotes/main [3ms]
2025-10-26 23:59:13.623 [info] > git status -z -uall [16ms]
2025-10-26 23:59:13.625 [info] > git for-each-ref --sort -committerdate --format %(refname)%00%(objectname)%00%(*objectname) [2ms]
2025-10-26 23:59:21.086 [info] [Git][getRemotes] No remotes found in the git config file
2025-10-26 23:59:21.087 [info] > git config --get commit.template [27ms]
2025-10-26 23:59:21.088 [info] > git for-each-ref --format=%(refname)%00%(upstream:short)%00%(objectname)%00%(upstream:track)%00%(upstream:remotename)%00%(upstream:remoteref) refs/heads/main refs/remotes/main [3ms]
2025-10-26 23:59:21.133 [info] > git status -z -uall [16ms]
2025-10-26 23:59:21.134 [info] > git for-each-ref --sort -committerdate --format %(refname)%00%(objectname)%00%(*objectname) [1ms]
2025-10-26 23:59:27.293 [info] [Git][getRemotes] No remotes found in the git config file
2025-10-26 23:59:27.294 [info] > git config --get commit.template [26ms]
2025-10-26 23:59:27.297 [info] > git for-each-ref --format=%(refname)%00%(upstream:short)%00%(objectname)%00%(upstream:track)%00%(upstream:remotename)%00%(upstream:remoteref) refs/heads/main refs/remotes/main [4ms]
2025-10-26 23:59:27.344 [info] > git status -z -uall [21ms]
2025-10-26 23:59:27.345 [info] > git for-each-ref --sort -committerdate --format %(refname)%00%(objectname)%00%(*objectname) [2ms]
2025-10-26 23:59:28.730 [info] > git show --textconv :cdk-services.ts [17ms]
2025-10-26 23:59:28.746 [info] > git ls-files --stage -- cdk-services.ts [16ms]
2025-10-26 23:59:28.772 [info] > git cat-file -s 74e0592dae660cca84758b5f9b1bf5e2c9e74760 [3ms]
2025-10-26 23:59:38.048 [info] > git config --get commit.template [2ms]
2025-10-26 23:59:38.075 [info] [Git][getRemotes] No remotes found in the git config file
2025-10-26 23:59:38.079 [info] > git for-each-ref --format=%(refname)%00%(upstream:short)%00%(objectname)%00%(upstream:track)%00%(upstream:remotename)%00%(upstream:remoteref) refs/heads/main refs/remotes/main [4ms]
2025-10-26 23:59:38.137 [info] > git status -z -uall [31ms]
2025-10-26 23:59:38.138 [info] > git for-each-ref --sort -committerdate --format %(refname)%00%(objectname)%00%(*objectname) [2ms]
2025-10-26 23:59:48.595 [info] [Git][getRemotes] No remotes found in the git config file
2025-10-26 23:59:48.596 [info] > git config --get commit.template [30ms]
2025-10-26 23:59:48.597 [info] > git for-each-ref --format=%(refname)%00%(upstream:short)%00%(objectname)%00%(upstream:track)%00%(upstream:remotename)%00%(upstream:remoteref) refs/heads/main refs/remotes/main [2ms]
2025-10-26 23:59:48.642 [info] > git status -z -uall [22ms]
2025-10-26 23:59:48.643 [info] > git for-each-ref --sort -committerdate --format %(refname)%00%(objectname)%00%(*objectname) [2ms]
2025-10-27 00:00:03.564 [info] > git check-ignore -v -z --stdin [2ms]
2025-10-27 00:00:05.983 [info] > git check-ignore -v -z --stdin [2ms]
2025-10-27 00:00:08.049 [info] > git show --textconv :src/services/guide-api/cdk.ts [18ms]
2025-10-27 00:00:08.066 [info] > git ls-files --stage -- src/services/guide-api/cdk.ts [18ms]
2025-10-27 00:00:08.092 [info] > git cat-file -s 2447dc465bc16ff75a6e233232b85966688f7656 [4ms]
2025-10-27 00:00:14.794 [info] [Git][getRemotes] No remotes found in the git config file
2025-10-27 00:00:14.795 [info] > git config --get commit.template [31ms]
2025-10-27 00:00:14.796 [info] > git for-each-ref --format=%(refname)%00%(upstream:short)%00%(objectname)%00%(upstream:track)%00%(upstream:remotename)%00%(upstream:remoteref) refs/heads/main refs/remotes/main [3ms]
2025-10-27 00:00:14.845 [info] > git status -z -uall [26ms]
2025-10-27 00:00:14.847 [info] > git for-each-ref --sort -committerdate --format %(refname)%00%(objectname)%00%(*objectname) [3ms]
2025-10-27 00:00:22.435 [info] [Git][getRemotes] No remotes found in the git config file
2025-10-27 00:00:22.436 [info] > git config --get commit.template [23ms]
2025-10-27 00:00:22.437 [info] > git for-each-ref --format=%(refname)%00%(upstream:short)%00%(objectname)%00%(upstream:track)%00%(upstream:remotename)%00%(upstream:remoteref) refs/heads/main refs/remotes/main [2ms]
2025-10-27 00:00:22.477 [info] > git status -z -uall [21ms]
2025-10-27 00:00:22.479 [info] > git for-each-ref --sort -committerdate --format %(refname)%00%(objectname)%00%(*objectname) [2ms]
2025-10-27 00:00:32.289 [info] [Git][getRemotes] No remotes found in the git config file
2025-10-27 00:00:32.290 [info] > git config --get commit.template [24ms]
2025-10-27 00:00:32.291 [info] > git for-each-ref --format=%(refname)%00%(upstream:short)%00%(objectname)%00%(upstream:track)%00%(upstream:remotename)%00%(upstream:remoteref) refs/heads/main refs/remotes/main [2ms]
2025-10-27 00:00:32.335 [info] > git status -z -uall [22ms]
2025-10-27 00:00:32.336 [info] > git for-each-ref --sort -committerdate --format %(refname)%00%(objectname)%00%(*objectname) [2ms]
2025-10-27 00:00:38.551 [info] [Git][getRemotes] No remotes found in the git config file
2025-10-27 00:00:38.551 [info] > git config --get commit.template [33ms]
2025-10-27 00:00:38.553 [info] > git for-each-ref --format=%(refname)%00%(upstream:short)%00%(objectname)%00%(upstream:track)%00%(upstream:remotename)%00%(upstream:remoteref) refs/heads/main refs/remotes/main [3ms]
2025-10-27 00:00:38.601 [info] > git status -z -uall [26ms]
2025-10-27 00:00:38.602 [info] > git for-each-ref --sort -committerdate --format %(refname)%00%(objectname)%00%(*objectname) [3ms]
2025-10-27 00:00:44.560 [info] > git check-ignore -v -z --stdin [4ms]
2025-10-27 00:00:46.548 [info] > git show --textconv :src/services/guide-frontend/cdk.ts [54ms]
2025-10-27 00:00:46.589 [info] > git ls-files --stage -- src/services/guide-frontend/cdk.ts [46ms]
2025-10-27 00:00:46.624 [info] > git cat-file -s 3be244c9063f862bb446bb708a2a64253095f043 [7ms]
2025-10-27 00:00:49.836 [info] > git config --get commit.template [3ms]
2025-10-27 00:00:49.836 [info] [Git][getRemotes] No remotes found in the git config file
2025-10-27 00:00:49.870 [info] > git for-each-ref --format=%(refname)%00%(upstream:short)%00%(objectname)%00%(upstream:track)%00%(upstream:remotename)%00%(upstream:remoteref) refs/heads/main refs/remotes/main [2ms]
2025-10-27 00:00:49.940 [info] > git status -z -uall [46ms]
2025-10-27 00:00:49.940 [info] > git for-each-ref --sort -committerdate --format %(refname)%00%(objectname)%00%(*objectname) [18ms]
2025-10-27 10:57:56.394 [info] > git rev-parse --show-toplevel [3ms]
2025-10-27 10:57:56.428 [info] > git rev-parse --git-dir --git-common-dir --show-superproject-working-tree [8ms]
2025-10-27 10:57:56.433 [info] [Model][openRepository] Opened repository (path): /home/kiel/dev/flaish_v2/infrastructure
2025-10-27 10:57:56.433 [info] [Model][openRepository] Opened repository (real path): /home/kiel/dev/flaish_v2/infrastructure
2025-10-27 10:57:56.433 [info] [Model][openRepository] Opened repository (kind): repository
2025-10-27 10:57:56.460 [info] > git config --get commit.template [3ms]
2025-10-27 10:57:56.483 [info] [Git][getRemotes] No remotes found in the git config file
2025-10-27 10:57:56.487 [info] > git for-each-ref --format=%(refname)%00%(upstream:short)%00%(objectname)%00%(upstream:track)%00%(upstream:remotename)%00%(upstream:remoteref) refs/heads/master refs/remotes/master [5ms]
2025-10-27 10:57:56.526 [info] > git status -z -uall [23ms]
2025-10-27 10:57:56.527 [info] > git for-each-ref --sort -committerdate --format %(refname)%00%(objectname)%00%(*objectname) [2ms]
2025-10-27 10:57:56.571 [info] > git for-each-ref --format=%(refname)%00%(upstream:short)%00%(objectname)%00%(upstream:track)%00%(upstream:remotename)%00%(upstream:remoteref) refs/heads/master refs/remotes/master [24ms]
2025-10-27 10:57:56.598 [info] > git config --get --local branch.master.vscode-merge-base [6ms]
2025-10-27 10:57:56.598 [warning] [Git][config] git config failed: Failed to execute git
2025-10-27 10:57:56.621 [info] > git config --get commit.template [52ms]
2025-10-27 10:57:56.649 [info] [Git][getRemotes] No remotes found in the git config file
2025-10-27 10:57:56.650 [info] > git reflog master --grep-reflog=branch: Created from *. [30ms]
2025-10-27 10:57:56.651 [info] > git for-each-ref --format=%(refname)%00%(upstream:short)%00%(objectname)%00%(upstream:track)%00%(upstream:remotename)%00%(upstream:remoteref) refs/heads/master refs/remotes/master [3ms]
2025-10-27 10:57:56.691 [info] > git status -z -uall [23ms]
2025-10-27 10:57:56.693 [info] > git for-each-ref --sort -committerdate --format %(refname)%00%(objectname)%00%(*objectname) [4ms]
2025-10-27 10:57:57.035 [info] > git check-ignore -v -z --stdin [48ms]
2025-10-27 10:57:57.035 [info] > git check-ignore -v -z --stdin [20ms]
2025-10-27 10:57:57.035 [info] > git check-ignore -v -z --stdin [2ms]
