2025-10-26 14:58:06.039 [info] [getSessions] [all] starting
2025-10-26 14:58:06.039 [info] [getSessions] [all] returned 0 session(s)
2025-10-26 14:58:06.039 [info] [getSessions] [all] starting
2025-10-26 14:58:06.039 [info] [getSessions] [all] returned 0 session(s)
2025-10-26 14:58:06.039 [info] [getSessions] [all] starting
2025-10-26 14:58:06.039 [info] [getSessions] [all] returned 0 session(s)
2025-10-26 14:58:06.039 [info] [getSessions] [499b84ac-1321-427f-aa17-267ca6975798/.default offline_access] starting
2025-10-26 14:58:06.039 [info] [aebc6443-996d-45c2-90f0-388ff96faa56] Native Broker is only available on Windows and macOS
2025-10-26 14:58:08.532 [info] [getSessions] [499b84ac-1321-427f-aa17-267ca6975798/.default offline_access] returned 0 session(s)
2025-10-26 14:58:08.568 [info] [getSessions] [all] starting
2025-10-26 14:58:08.568 [info] [getSessions] [all] returned 0 session(s)
2025-10-26 14:58:08.569 [info] [getSessions] [all] starting
2025-10-26 14:58:08.569 [info] [getSessions] [all] returned 0 session(s)
2025-10-26 14:58:08.569 [info] [getSessions] [all] starting
2025-10-26 14:58:08.569 [info] [getSessions] [all] returned 0 session(s)
2025-10-26 14:58:29.828 [info] [aebc6443-996d-45c2-90f0-388ff96faa56] Native Broker is only available on Windows and macOS
2025-10-26 14:58:29.981 [info] [getSessions] [all] starting
2025-10-26 14:58:29.981 [info] [getSessions] [all] returned 0 session(s)
2025-10-26 14:58:29.981 [info] [getSessions] [all] starting
2025-10-26 14:58:29.981 [info] [getSessions] [all] returned 0 session(s)
2025-10-26 14:58:29.981 [info] [getSessions] [all] starting
2025-10-26 14:58:29.981 [info] [getSessions] [all] returned 0 session(s)
2025-10-26 14:58:29.981 [info] [getSessions] [all] starting
2025-10-26 14:58:29.981 [info] [getSessions] [all] returned 0 session(s)
2025-10-26 14:58:30.015 [info] [getSessions] [499b84ac-1321-427f-aa17-267ca6975798/.default offline_access] starting
2025-10-26 14:58:30.015 [info] [aebc6443-996d-45c2-90f0-388ff96faa56] Native Broker is only available on Windows and macOS
2025-10-26 14:58:30.065 [info] [getSessions] [499b84ac-1321-427f-aa17-267ca6975798/.default offline_access] returned 0 session(s)
